
  .   ____          _            __ _ _
 /\\ / ___'_ __ _ _(_)_ __  __ _ \ \ \ \
( ( )\___ | '_ | '_| | '_ \/ _` | \ \ \ \
 \\/  ___)| |_)| | | | | || (_| |  ) ) ) )
  '  |____| .__|_| |_|_| |_\__, | / / / /
 =========|_|==============|___/=/_/_/_/
 :: Spring Boot ::                (v3.2.3)

2026-03-01T23:01:40.291+05:30  INFO 26937 --- [           main] com.battletext.Application               : Starting Application v1.0-SNAPSHOT using Java 21.0.10 with PID 26937 (/home/abhishek/Coding/VIBE CODING/TEXT/battletext/target/battletext-1.0-SNAPSHOT.jar started by abhishek in /home/abhishek/Coding/VIBE CODING/TEXT/battletext)
2026-03-01T23:01:40.294+05:30  INFO 26937 --- [           main] com.battletext.Application               : No active profile set, falling back to 1 default profile: "default"
2026-03-01T23:01:41.487+05:30  INFO 26937 --- [           main] .s.d.r.c.RepositoryConfigurationDelegate : Bootstrapping Spring Data JPA repositories in DEFAULT mode.
2026-03-01T23:01:41.576+05:30  INFO 26937 --- [           main] .s.d.r.c.RepositoryConfigurationDelegate : Finished Spring Data repository scanning in 77 ms. Found 1 JPA repository interface.
2026-03-01T23:01:42.207+05:30  INFO 26937 --- [           main] o.s.b.w.embedded.tomcat.TomcatWebServer  : Tomcat initialized with port 8081 (http)
2026-03-01T23:01:42.220+05:30  INFO 26937 --- [           main] o.apache.catalina.core.StandardService   : Starting service [Tomcat]
2026-03-01T23:01:42.220+05:30  INFO 26937 --- [           main] o.apache.catalina.core.StandardEngine    : Starting Servlet engine: [Apache Tomcat/10.1.19]
2026-03-01T23:01:42.251+05:30  INFO 26937 --- [           main] o.a.c.c.C.[Tomcat].[localhost].[/]       : Initializing Spring embedded WebApplicationContext
2026-03-01T23:01:42.252+05:30  INFO 26937 --- [           main] w.s.c.ServletWebServerApplicationContext : Root WebApplicationContext: initialization completed in 1826 ms
2026-03-01T23:01:42.312+05:30  INFO 26937 --- [           main] com.zaxxer.hikari.HikariDataSource       : HikariPool-1 - Starting...
2026-03-01T23:01:42.513+05:30  INFO 26937 --- [           main] com.zaxxer.hikari.pool.HikariPool        : HikariPool-1 - Added connection conn0: url=jdbc:h2:mem:battletext user=SA
2026-03-01T23:01:42.515+05:30  INFO 26937 --- [           main] com.zaxxer.hikari.HikariDataSource       : HikariPool-1 - Start completed.
2026-03-01T23:01:42.528+05:30  INFO 26937 --- [           main] o.s.b.a.h2.H2ConsoleAutoConfiguration    : H2 console available at '/h2-console'. Database available at 'jdbc:h2:mem:battletext'
2026-03-01T23:01:42.670+05:30  INFO 26937 --- [           main] o.hibernate.jpa.internal.util.LogHelper  : HHH000204: Processing PersistenceUnitInfo [name: default]
2026-03-01T23:01:42.735+05:30  INFO 26937 --- [           main] org.hibernate.Version                    : HHH000412: Hibernate ORM core version 6.4.4.Final
2026-03-01T23:01:42.772+05:30  INFO 26937 --- [           main] o.h.c.internal.RegionFactoryInitiator    : HHH000026: Second-level cache disabled
2026-03-01T23:01:43.011+05:30  INFO 26937 --- [           main] o.s.o.j.p.SpringPersistenceUnitInfo      : No LoadTimeWeaver setup: ignoring JPA class transformer
2026-03-01T23:01:43.061+05:30  WARN 26937 --- [           main] org.hibernate.orm.deprecation            : HHH90000025: H2Dialect does not need to be specified explicitly using 'hibernate.dialect' (remove the property setting and it will be selected by default)
2026-03-01T23:01:43.768+05:30  INFO 26937 --- [           main] o.h.e.t.j.p.i.JtaPlatformInitiator       : HHH000489: No JTA platform available (set 'hibernate.transaction.jta.platform' to enable JTA platform integration)
2026-03-01T23:01:43.820+05:30  INFO 26937 --- [           main] j.LocalContainerEntityManagerFactoryBean : Initialized JPA EntityManagerFactory for persistence unit 'default'
Loaded dictionary with 26 letter groups.
2026-03-01T23:01:44.588+05:30  WARN 26937 --- [           main] JpaBaseConfiguration$JpaWebConfiguration : spring.jpa.open-in-view is enabled by default. Therefore, database queries may be performed during view rendering. Explicitly configure spring.jpa.open-in-view to disable this warning
2026-03-01T23:01:44.701+05:30  INFO 26937 --- [           main] o.s.b.a.w.s.WelcomePageHandlerMapping    : Adding welcome page: class path resource [static/index.html]
2026-03-01T23:01:44.928+05:30  INFO 26937 --- [           main] o.s.s.web.DefaultSecurityFilterChain     : Will secure any request with [org.springframework.security.web.session.DisableEncodeUrlFilter@241abc2, org.springframework.security.web.context.request.async.WebAsyncManagerIntegrationFilter@7e5e7753, org.springframework.security.web.context.SecurityContextHolderFilter@6cac0334, org.springframework.security.web.header.HeaderWriterFilter@344769b9, org.springframework.security.web.authentication.logout.LogoutFilter@329aa2d1, org.springframework.security.oauth2.client.web.OAuth2AuthorizationRequestRedirectFilter@36dc6b9, org.springframework.security.oauth2.client.web.OAuth2LoginAuthenticationFilter@4844e24b, org.springframework.security.web.authentication.ui.DefaultLoginPageGeneratingFilter@5add7380, org.springframework.security.web.authentication.ui.DefaultLogoutPageGeneratingFilter@11678469, org.springframework.security.web.savedrequest.RequestCacheAwareFilter@6c92a59d, org.springframework.security.web.servletapi.SecurityContextHolderAwareRequestFilter@4505015b, org.springframework.security.web.authentication.AnonymousAuthenticationFilter@395115ac, org.springframework.security.web.access.ExceptionTranslationFilter@a36ff0b, org.springframework.security.web.access.intercept.AuthorizationFilter@4379fe2a]
2026-03-01T23:01:45.200+05:30  INFO 26937 --- [           main] o.s.b.w.embedded.tomcat.TomcatWebServer  : Tomcat started on port 8081 (http) with context path ''
2026-03-01T23:01:45.220+05:30  INFO 26937 --- [           main] com.battletext.Application               : Started Application in 5.555 seconds (process running for 6.184)
2026-03-01T23:02:07.104+05:30  INFO 26937 --- [nio-8081-exec-2] o.a.c.c.C.[Tomcat].[localhost].[/]       : Initializing Spring DispatcherServlet 'dispatcherServlet'
2026-03-01T23:02:07.104+05:30  INFO 26937 --- [nio-8081-exec-2] o.s.web.servlet.DispatcherServlet        : Initializing Servlet 'dispatcherServlet'
2026-03-01T23:02:07.106+05:30  INFO 26937 --- [nio-8081-exec-2] o.s.web.servlet.DispatcherServlet        : Completed initialization in 1 ms
